// Jest Snapshot v1, https://goo.gl/fbAQLP

exports[`renders cards with correct material-ui styles 1`] = `
<div
  className="MuiGrid-root MuiGrid-container MuiGrid-justify-xs-center"
>
  <div
    className="MuiGrid-root MuiGrid-container MuiGrid-item MuiGrid-align-items-xs-center MuiGrid-justify-xs-center MuiGrid-grid-sm-6 MuiGrid-grid-md-4 MuiGrid-grid-lg-3"
  >
    <div
      className="MuiPaper-root MuiCard-root makeStyles-root-5 MuiPaper-elevation1 MuiPaper-rounded"
      style={
        Object {
          "margin": "6px",
        }
      }
    >
      <button
        className="MuiButtonBase-root MuiCardActionArea-root"
        disabled={false}
        onBlur={[Function]}
        onDragLeave={[Function]}
        onFocus={[Function]}
        onKeyDown={[Function]}
        onKeyUp={[Function]}
        onMouseDown={[Function]}
        onMouseLeave={[Function]}
        onMouseUp={[Function]}
        onTouchEnd={[Function]}
        onTouchMove={[Function]}
        onTouchStart={[Function]}
        tabIndex={0}
        type="button"
      >
        <div
          className="MuiCardMedia-root makeStyles-media-6"
          data-card-media="The Card Title"
          style={
            Object {
              "backgroundImage": "url(\\"https://<image_here>.jpg\\")",
            }
          }
          title="The Card Title"
        />
        <div
          className="MuiCardContent-root"
        >
          <h2
            className="MuiTypography-root MuiTypography-h5 MuiTypography-gutterBottom"
          >
            The Card Title
          </h2>
          <p
            className="MuiTypography-root MuiTypography-body2 MuiTypography-colorTextSecondary"
          >
            This is a short description
          </p>
        </div>
        <span
          className="MuiCardActionArea-focusHighlight"
        />
      </button>
    </div>
  </div>
</div>
`;
